app/api/chat/conversations/[conversationId]/messages/route.ts(45,9): error TS2353: Object literal may only specify known properties, and 'sender' does not exist in type 'chat_messagesInclude<DefaultArgs>'.
app/api/chat/conversations/[conversationId]/messages/route.ts(134,7): error TS2322: Type '{ conversationId: string; senderId: string; content: any; attachmentUrl: any; attachmentType: any; }' is not assignable to type '(Without<chat_messagesCreateInput, chat_messagesUncheckedCreateInput> & chat_messagesUncheckedCreateInput) | (Without<...> & chat_messagesCreateInput)'.
  Type '{ conversationId: string; senderId: string; content: any; attachmentUrl: any; attachmentType: any; }' is not assignable to type 'Without<chat_messagesCreateInput, chat_messagesUncheckedCreateInput> & chat_messagesUncheckedCreateInput'.
    Property 'id' is missing in type '{ conversationId: string; senderId: string; content: any; attachmentUrl: any; attachmentType: any; }' but required in type 'chat_messagesUncheckedCreateInput'.
app/api/chat/conversations/[conversationId]/messages/route.ts(142,9): error TS2353: Object literal may only specify known properties, and 'sender' does not exist in type 'chat_messagesInclude<DefaultArgs>'.
app/api/chat/conversations/route.ts(37,15): error TS2353: Object literal may only specify known properties, and 'messages' does not exist in type 'Chat_conversationsCountOutputTypeSelect<DefaultArgs>'.
app/api/chat/conversations/route.ts(52,29): error TS2339: Property 'user' does not exist on type '{ id: string; userId: string; createdAt: Date; updatedAt: Date; instructorId: string; }'.
app/api/chat/conversations/route.ts(53,29): error TS2339: Property 'messages' does not exist on type '{ id: string; userId: string; createdAt: Date; updatedAt: Date; instructorId: string; }'.
app/api/chat/conversations/route.ts(54,29): error TS2339: Property '_count' does not exist on type '{ id: string; userId: string; createdAt: Date; updatedAt: Date; instructorId: string; }'.
app/api/chat/conversations/route.ts(78,15): error TS2353: Object literal may only specify known properties, and 'messages' does not exist in type 'Chat_conversationsCountOutputTypeSelect<DefaultArgs>'.
app/api/chat/conversations/route.ts(93,29): error TS2551: Property 'instructor' does not exist on type '{ id: string; userId: string; createdAt: Date; updatedAt: Date; instructorId: string; }'. Did you mean 'instructorId'?
app/api/chat/conversations/route.ts(94,29): error TS2339: Property 'messages' does not exist on type '{ id: string; userId: string; createdAt: Date; updatedAt: Date; instructorId: string; }'.
app/api/chat/conversations/route.ts(95,29): error TS2339: Property '_count' does not exist on type '{ id: string; userId: string; createdAt: Date; updatedAt: Date; instructorId: string; }'.
app/api/chat/conversations/route.ts(158,7): error TS2322: Type '{ userId: string; instructorId: any; }' is not assignable to type '(Without<chat_conversationsCreateInput, chat_conversationsUncheckedCreateInput> & chat_conversationsUncheckedCreateInput) | (Without<...> & chat_conversationsCreateInput)'.
  Type '{ userId: string; instructorId: any; }' is not assignable to type 'Without<chat_conversationsCreateInput, chat_conversationsUncheckedCreateInput> & chat_conversationsUncheckedCreateInput'.
    Type '{ userId: string; instructorId: any; }' is missing the following properties from type 'chat_conversationsUncheckedCreateInput': id, updatedAt
app/api/chat/conversations/route.ts(163,9): error TS2353: Object literal may only specify known properties, and 'instructor' does not exist in type 'chat_conversationsInclude<DefaultArgs>'.
app/api/chat/forum/messages/route.ts(32,11): error TS2353: Object literal may only specify known properties, and 'sender' does not exist in type 'forum_messagesInclude<DefaultArgs>'.
app/api/chat/forum/messages/route.ts(42,33): error TS2345: Argument of type '(msg: { id: string; content: string; senderId: string; createdAt: Date; sender: { id: string; name: string | null; avatar: string | null; role: string; }; }) => { id: string; content: string; senderId: string; createdAt: string; sender: { ...; }; }' is not assignable to parameter of type '(value: { id: string; createdAt: Date; senderId: string; content: string; }, index: number, array: { id: string; createdAt: Date; senderId: string; content: string; }[]) => { id: string; content: string; senderId: string; createdAt: string; sender: { ...; }; }'.
  Types of parameters 'msg' and 'value' are incompatible.
    Property 'sender' is missing in type '{ id: string; createdAt: Date; senderId: string; content: string; }' but required in type '{ id: string; content: string; senderId: string; createdAt: Date; sender: { id: string; name: string | null; avatar: string | null; role: string; }; }'.
app/api/chat/forum/messages/route.ts(51,11): error TS2353: Object literal may only specify known properties, and 'sender' does not exist in type 'forum_messagesInclude<DefaultArgs>'.
app/api/chat/forum/messages/route.ts(61,33): error TS2345: Argument of type '(msg: { id: string; content: string; senderId: string; createdAt: Date; sender: { id: string; name: string | null; avatar: string | null; role: string; }; }) => { id: string; content: string; senderId: string; createdAt: string; sender: { ...; }; }' is not assignable to parameter of type '(value: { id: string; createdAt: Date; senderId: string; content: string; }, index: number, array: { id: string; createdAt: Date; senderId: string; content: string; }[]) => { id: string; content: string; senderId: string; createdAt: string; sender: { ...; }; }'.
  Types of parameters 'msg' and 'value' are incompatible.
    Property 'sender' is missing in type '{ id: string; createdAt: Date; senderId: string; content: string; }' but required in type '{ id: string; content: string; senderId: string; createdAt: Date; sender: { id: string; name: string | null; avatar: string | null; role: string; }; }'.
app/api/chat/forum/messages/route.ts(105,7): error TS2322: Type '{ content: string; senderId: string; }' is not assignable to type '(Without<forum_messagesCreateInput, forum_messagesUncheckedCreateInput> & forum_messagesUncheckedCreateInput) | (Without<...> & forum_messagesCreateInput)'.
  Type '{ content: string; senderId: string; }' is not assignable to type 'Without<forum_messagesCreateInput, forum_messagesUncheckedCreateInput> & forum_messagesUncheckedCreateInput'.
    Property 'id' is missing in type '{ content: string; senderId: string; }' but required in type 'forum_messagesUncheckedCreateInput'.
app/api/chat/forum/messages/route.ts(107,9): error TS2353: Object literal may only specify known properties, and 'sender' does not exist in type 'forum_messagesInclude<DefaultArgs>'.
app/api/chat/forum/messages/route.ts(113,41): error TS2345: Argument of type '{ id: string; createdAt: Date; senderId: string; content: string; }' is not assignable to parameter of type '{ id: string; content: string; senderId: string; createdAt: Date; sender: { id: string; name: string | null; avatar: string | null; role: string; }; }'.
  Property 'sender' is missing in type '{ id: string; createdAt: Date; senderId: string; content: string; }' but required in type '{ id: string; content: string; senderId: string; createdAt: Date; sender: { id: string; name: string | null; avatar: string | null; role: string; }; }'.
app/api/competitions/[id]/route.ts(14,9): error TS2353: Object literal may only specify known properties, and 'instructor' does not exist in type 'competitionsInclude<DefaultArgs>'.
app/api/competitions/[id]/route.ts(49,31): error TS2551: Property 'instructor' does not exist on type '{ id: string; createdAt: Date; updatedAt: Date; title: string; description: string | null; instructorId: string; date: Date; prize: string; category: competitions_category; ... 9 more ...; schedules: JsonValue; }'. Did you mean 'instructorId'?
app/api/competitions/route.ts(10,9): error TS2353: Object literal may only specify known properties, and 'instructor' does not exist in type 'competitionsInclude<DefaultArgs>'.
app/api/competitions/route.ts(38,28): error TS2551: Property 'instructor' does not exist on type '{ id: string; createdAt: Date; updatedAt: Date; title: string; description: string | null; instructorId: string; date: Date; prize: string; category: competitions_category; ... 9 more ...; schedules: JsonValue; }'. Did you mean 'instructorId'?
app/api/competitions/route.ts(39,22): error TS2551: Property 'instructor' does not exist on type '{ id: string; createdAt: Date; updatedAt: Date; title: string; description: string | null; instructorId: string; date: Date; prize: string; category: competitions_category; ... 9 more ...; schedules: JsonValue; }'. Did you mean 'instructorId'?
app/api/competitions/route.ts(40,24): error TS2551: Property 'instructor' does not exist on type '{ id: string; createdAt: Date; updatedAt: Date; title: string; description: string | null; instructorId: string; date: Date; prize: string; category: competitions_category; ... 9 more ...; schedules: JsonValue; }'. Did you mean 'instructorId'?
app/api/competitions/route.ts(41,26): error TS2551: Property 'instructor' does not exist on type '{ id: string; createdAt: Date; updatedAt: Date; title: string; description: string | null; instructorId: string; date: Date; prize: string; category: competitions_category; ... 9 more ...; schedules: JsonValue; }'. Did you mean 'instructorId'?
app/api/competitions/route.ts(105,7): error TS2322: Type '{ title: any; description: any; date: Date; location: any; prize: any; category: any; thumbnailUrl: any; contactPerson: any; contactNumber: any; contactEmail: any; maxParticipants: any; prizes: any; schedules: any; requirements: any; judgingCriteria: any; instructorId: string; }' is not assignable to type '(Without<competitionsCreateInput, competitionsUncheckedCreateInput> & competitionsUncheckedCreateInput) | (Without<...> & competitionsCreateInput)'.
  Type '{ title: any; description: any; date: Date; location: any; prize: any; category: any; thumbnailUrl: any; contactPerson: any; contactNumber: any; contactEmail: any; maxParticipants: any; prizes: any; schedules: any; requirements: any; judgingCriteria: any; instructorId: string; }' is not assignable to type 'Without<competitionsCreateInput, competitionsUncheckedCreateInput> & competitionsUncheckedCreateInput'.
    Type '{ title: any; description: any; date: Date; location: any; prize: any; category: any; thumbnailUrl: any; contactPerson: any; contactNumber: any; contactEmail: any; maxParticipants: any; prizes: any; schedules: any; requirements: any; judgingCriteria: any; instructorId: string; }' is missing the following properties from type 'competitionsUncheckedCreateInput': id, updatedAt
app/api/competitions/route.ts(124,9): error TS2353: Object literal may only specify known properties, and 'instructor' does not exist in type 'competitionsInclude<DefaultArgs>'.
app/api/friends/follow/route.ts(83,7): error TS2322: Type '{ followerId: string; followingId: any; status: "pending" | "accepted"; }' is not assignable to type '(Without<friendshipsCreateInput, friendshipsUncheckedCreateInput> & friendshipsUncheckedCreateInput) | (Without<...> & friendshipsCreateInput)'.
  Type '{ followerId: string; followingId: any; status: "pending" | "accepted"; }' is not assignable to type 'Without<friendshipsCreateInput, friendshipsUncheckedCreateInput> & friendshipsUncheckedCreateInput'.
    Type '{ followerId: string; followingId: any; status: "pending" | "accepted"; }' is missing the following properties from type 'friendshipsUncheckedCreateInput': id, updatedAt
app/api/friends/follow/route.ts(101,9): error TS2322: Type '{ userId: any; senderId: string; type: "basic"; title: string; message: string; actionUrl: string; }' is not assignable to type '(Without<notificationsCreateInput, notificationsUncheckedCreateInput> & notificationsUncheckedCreateInput) | (Without<...> & notificationsCreateInput)'.
  Type '{ userId: any; senderId: string; type: "basic"; title: string; message: string; actionUrl: string; }' is not assignable to type 'Without<notificationsCreateInput, notificationsUncheckedCreateInput> & notificationsUncheckedCreateInput'.
    Type '{ userId: any; senderId: string; type: "basic"; title: string; message: string; actionUrl: string; }' is missing the following properties from type 'notificationsUncheckedCreateInput': id, updatedAt
app/api/friends/profile/[userId]/route.ts(94,20): error TS2353: Object literal may only specify known properties, and 'quiz' does not exist in type 'quiz_attemptsInclude<DefaultArgs>'.
app/api/friends/profile/[userId]/route.ts(101,42): error TS2339: Property 'quiz' does not exist on type '{ id: string; userId: string; quizId: string; score: number; totalScore: number; answers: JsonValue; completedAt: Date; }'.
app/api/friends/profile/[userId]/route.ts(112,18): error TS2561: Object literal may only specify known properties, but 'badge' does not exist in type 'user_badgesInclude<DefaultArgs>'. Did you mean to write 'badges'?
app/api/friends/profile/[userId]/route.ts(140,16): error TS2551: Property 'badge' does not exist on type '{ id: string; userId: string; badgeId: string; earnedAt: Date; }'. Did you mean 'badgeId'?
app/api/friends/profile/[userId]/route.ts(141,18): error TS2551: Property 'badge' does not exist on type '{ id: string; userId: string; badgeId: string; earnedAt: Date; }'. Did you mean 'badgeId'?
app/api/friends/profile/[userId]/route.ts(142,18): error TS2551: Property 'badge' does not exist on type '{ id: string; userId: string; badgeId: string; earnedAt: Date; }'. Did you mean 'badgeId'?
app/api/friends/profile/[userId]/route.ts(143,25): error TS2551: Property 'badge' does not exist on type '{ id: string; userId: string; badgeId: string; earnedAt: Date; }'. Did you mean 'badgeId'?
app/api/friends/profile/[userId]/route.ts(144,18): error TS2551: Property 'badge' does not exist on type '{ id: string; userId: string; badgeId: string; earnedAt: Date; }'. Did you mean 'badgeId'?
app/api/friends/profile/[userId]/route.ts(145,22): error TS2551: Property 'badge' does not exist on type '{ id: string; userId: string; badgeId: string; earnedAt: Date; }'. Did you mean 'badgeId'?
app/api/friends/route.ts(35,11): error TS2353: Object literal may only specify known properties, and 'follower' does not exist in type 'friendshipsInclude<DefaultArgs>'.
app/api/friends/route.ts(66,16): error TS2551: Property 'follower' does not exist on type '{ id: string; createdAt: Date; updatedAt: Date; followerId: string; followingId: string; status: friendships_status; }'. Did you mean 'followerId'?
app/api/friends/route.ts(82,11): error TS2353: Object literal may only specify known properties, and 'following' does not exist in type 'friendshipsInclude<DefaultArgs>'.
app/api/friends/route.ts(101,16): error TS2551: Property 'following' does not exist on type '{ id: string; createdAt: Date; updatedAt: Date; followerId: string; followingId: string; status: friendships_status; }'. Did you mean 'followingId'?
app/api/friends/route.ts(154,9): error TS2353: Object literal may only specify known properties, and 'follower' does not exist in type 'friendshipsInclude<DefaultArgs>'.
app/api/friends/route.ts(171,21): error TS2551: Property 'follower' does not exist on type '{ id: string; createdAt: Date; updatedAt: Date; followerId: string; followingId: string; status: friendships_status; }'. Did you mean 'followerId'?
app/api/leaderboard/route.ts(3,10): error TS2305: Module '"@prisma/client"' has no exported member 'Role'.
app/api/materials/[id]/quiz/[quizId]/route.ts(24,9): error TS2353: Object literal may only specify known properties, and 'questions' does not exist in type 'material_quizzesInclude<DefaultArgs>'.
app/api/materials/[id]/quiz/[quizId]/route.ts(55,28): error TS2339: Property 'questions' does not exist on type '{ id: string; createdAt: Date; updatedAt: Date; title: string; description: string | null; materialId: string | null; creatorId: string | null; }'.
app/api/materials/[id]/quiz/[quizId]/route.ts(55,43): error TS7006: Parameter 'q' implicitly has an 'any' type.
app/api/materials/[id]/quiz/[quizId]/route.ts(59,31): error TS7006: Parameter 'o' implicitly has an 'any' type.
app/api/materials/[id]/quiz/[quizId]/route.ts(64,34): error TS2339: Property 'attempts' does not exist on type '{ id: string; createdAt: Date; updatedAt: Date; title: string; description: string | null; materialId: string | null; creatorId: string | null; }'.
app/api/materials/[id]/quiz/[quizId]/route.ts(72,24): error TS2551: Property 'material' does not exist on type '{ id: string; createdAt: Date; updatedAt: Date; title: string; description: string | null; materialId: string | null; creatorId: string | null; }'. Did you mean 'materialId'?
app/api/materials/[id]/quiz/[quizId]/route.ts(73,27): error TS2551: Property 'material' does not exist on type '{ id: string; createdAt: Date; updatedAt: Date; title: string; description: string | null; materialId: string | null; creatorId: string | null; }'. Did you mean 'materialId'?
app/api/materials/[id]/quiz/[quizId]/route.ts(74,31): error TS2551: Property 'material' does not exist on type '{ id: string; createdAt: Date; updatedAt: Date; title: string; description: string | null; materialId: string | null; creatorId: string | null; }'. Did you mean 'materialId'?
app/api/materials/[id]/quiz/[quizId]/route.ts(77,27): error TS2339: Property 'questions' does not exist on type '{ id: string; createdAt: Date; updatedAt: Date; title: string; description: string | null; materialId: string | null; creatorId: string | null; }'.
app/api/materials/[id]/quiz/[quizId]/route.ts(79,22): error TS2339: Property 'attempts' does not exist on type '{ id: string; createdAt: Date; updatedAt: Date; title: string; description: string | null; materialId: string | null; creatorId: string | null; }'.
app/api/materials/[id]/quiz/[quizId]/route.ts(131,9): error TS2353: Object literal may only specify known properties, and 'questions' does not exist in type '(Without<material_quizzesUpdateInput, material_quizzesUncheckedUpdateInput> & material_quizzesUncheckedUpdateInput) | (Without<...> & material_quizzesUpdateInput)'.
app/api/materials/[id]/quiz/[quizId]/route.ts(145,9): error TS2353: Object literal may only specify known properties, and 'questions' does not exist in type 'material_quizzesInclude<DefaultArgs>'.
app/api/materials/[id]/quiz/[quizId]/submit/route.ts(23,9): error TS2353: Object literal may only specify known properties, and 'questions' does not exist in type 'material_quizzesInclude<DefaultArgs>'.
app/api/materials/[id]/quiz/[quizId]/submit/route.ts(45,34): error TS2339: Property 'questions' does not exist on type '{ id: string; createdAt: Date; updatedAt: Date; title: string; description: string | null; materialId: string | null; creatorId: string | null; }'.
app/api/materials/[id]/quiz/[quizId]/submit/route.ts(82,29): error TS2339: Property 'questions' does not exist on type '{ id: string; createdAt: Date; updatedAt: Date; title: string; description: string | null; materialId: string | null; creatorId: string | null; }'.
app/api/materials/[id]/quiz/[quizId]/submit/route.ts(94,33): error TS2339: Property 'questions' does not exist on type '{ id: string; createdAt: Date; updatedAt: Date; title: string; description: string | null; materialId: string | null; creatorId: string | null; }'.
app/api/materials/[id]/quiz/[quizId]/submit/route.ts(95,52): error TS7006: Parameter 'o' implicitly has an 'any' type.
app/api/materials/[id]/quiz/[quizId]/submit/route.ts(98,10): error TS7006: Parameter 'o' implicitly has an 'any' type.
app/api/materials/[id]/quiz/[quizId]/submit/route.ts(112,40): error TS7006: Parameter 'o' implicitly has an 'any' type.
app/api/materials/[id]/quiz/[quizId]/submit/route.ts(122,7): error TS2322: Type '{ quizId: string; userId: string; score: number; totalScore: any; answers: { questionId: string; question: string; selectedOptionId: string | null; selectedOptionText: string | null; correctOptionId: string; correctOptionText: string; isCorrect: boolean; options: { id: string; text: string; isCorrect: boolean; }[]; ...' is not assignable to type '(Without<quiz_attemptsCreateInput, quiz_attemptsUncheckedCreateInput> & quiz_attemptsUncheckedCreateInput) | (Without<...> & quiz_attemptsCreateInput)'.
  Type '{ quizId: string; userId: string; score: number; totalScore: any; answers: { questionId: string; question: string; selectedOptionId: string | null; selectedOptionText: string | null; correctOptionId: string; correctOptionText: string; isCorrect: boolean; options: { id: string; text: string; isCorrect: boolean; }[]; ...' is not assignable to type 'Without<quiz_attemptsCreateInput, quiz_attemptsUncheckedCreateInput> & quiz_attemptsUncheckedCreateInput'.
    Property 'id' is missing in type '{ quizId: string; userId: string; score: number; totalScore: any; answers: { questionId: string; question: string; selectedOptionId: string | null; selectedOptionText: string | null; correctOptionId: string; correctOptionText: string; isCorrect: boolean; options: { id: string; text: string; isCorrect: boolean; }[]; ...' but required in type 'quiz_attemptsUncheckedCreateInput'.
app/api/materials/[id]/quiz/[quizId]/submit/route.ts(158,32): error TS2339: Property 'questions' does not exist on type '{ id: string; createdAt: Date; updatedAt: Date; title: string; description: string | null; materialId: string | null; creatorId: string | null; }'.
app/api/materials/[id]/quiz/route.ts(21,9): error TS2353: Object literal may only specify known properties, and 'questions' does not exist in type 'material_quizzesInclude<DefaultArgs>'.
app/api/materials/[id]/quiz/route.ts(39,24): error TS2339: Property 'questions' does not exist on type '{ id: string; createdAt: Date; updatedAt: Date; title: string; description: string | null; materialId: string | null; creatorId: string | null; }'.
app/api/materials/[id]/quiz/route.ts(41,22): error TS2339: Property 'attempts' does not exist on type '{ id: string; createdAt: Date; updatedAt: Date; title: string; description: string | null; materialId: string | null; creatorId: string | null; }'.
app/api/materials/[id]/quiz/route.ts(136,9): error TS2353: Object literal may only specify known properties, and 'questions' does not exist in type 'Without<material_quizzesCreateInput, material_quizzesUncheckedCreateInput> & material_quizzesUncheckedCreateInput'.
app/api/materials/[id]/quiz/route.ts(150,9): error TS2353: Object literal may only specify known properties, and 'questions' does not exist in type 'material_quizzesInclude<DefaultArgs>'.
app/api/materials/[id]/rekapan/route.ts(116,7): error TS2322: Type '{ materialId: string; content: any; }' is not assignable to type '(Without<rekapanCreateInput, rekapanUncheckedCreateInput> & rekapanUncheckedCreateInput) | (Without<...> & rekapanCreateInput)'.
  Type '{ materialId: string; content: any; }' is not assignable to type 'Without<rekapanCreateInput, rekapanUncheckedCreateInput> & rekapanUncheckedCreateInput'.
    Type '{ materialId: string; content: any; }' is missing the following properties from type 'rekapanUncheckedCreateInput': id, updatedAt
app/api/materials/attendance/route.ts(92,7): error TS2322: Type '{ id: string; userId: string; materialId: any; status: any; session: any; date: any; time: any; location: any; notes: any; reason: any; instructorArrival: any; startTime: any; endTime: any; rating: any; clarity: any; relevance: any; feedback: any; }' is not assignable to type '(Without<attendanceCreateInput, attendanceUncheckedCreateInput> & attendanceUncheckedCreateInput) | (Without<...> & attendanceCreateInput)'.
  Type '{ id: string; userId: string; materialId: any; status: any; session: any; date: any; time: any; location: any; notes: any; reason: any; instructorArrival: any; startTime: any; endTime: any; rating: any; clarity: any; relevance: any; feedback: any; }' is not assignable to type 'Without<attendanceUncheckedCreateInput, attendanceCreateInput> & attendanceCreateInput'.
    Property 'updatedAt' is missing in type '{ id: string; userId: string; materialId: any; status: any; session: any; date: any; time: any; location: any; notes: any; reason: any; instructorArrival: any; startTime: any; endTime: any; rating: any; clarity: any; relevance: any; feedback: any; }' but required in type 'attendanceCreateInput'.
app/api/materials/invitations/route.ts(198,11): error TS2322: Type '{ programId: string; userId: string; }' is not assignable to type '(Without<program_enrollmentsCreateInput, program_enrollmentsUncheckedCreateInput> & program_enrollmentsUncheckedCreateInput) | (Without<...> & program_enrollmentsCreateInput)'.
  Type '{ programId: string; userId: string; }' is not assignable to type 'Without<program_enrollmentsCreateInput, program_enrollmentsUncheckedCreateInput> & program_enrollmentsUncheckedCreateInput'.
    Property 'id' is missing in type '{ programId: string; userId: string; }' but required in type 'program_enrollmentsUncheckedCreateInput'.
app/api/news/route.ts(66,11): error TS2353: Object literal may only specify known properties, and 'author' does not exist in type 'newsInclude<DefaultArgs>'.
app/api/news/route.ts(94,11): error TS2353: Object literal may only specify known properties, and 'author' does not exist in type 'newsInclude<DefaultArgs>'.
app/api/news/route.ts(126,9): error TS2353: Object literal may only specify known properties, and 'author' does not exist in type 'newsInclude<DefaultArgs>'.
app/api/news/route.ts(217,7): error TS2322: Type '{ title: any; slug: string; category: any; deskripsi: string; content: any; image: any; authorId: string; }' is not assignable to type '(Without<newsCreateInput, newsUncheckedCreateInput> & newsUncheckedCreateInput) | (Without<...> & newsCreateInput)'.
  Type '{ title: any; slug: string; category: any; deskripsi: string; content: any; image: any; authorId: string; }' is not assignable to type 'Without<newsCreateInput, newsUncheckedCreateInput> & newsUncheckedCreateInput'.
    Type '{ title: any; slug: string; category: any; deskripsi: string; content: any; image: any; authorId: string; }' is missing the following properties from type 'newsUncheckedCreateInput': id, updatedAt
app/api/news/route.ts(227,9): error TS2353: Object literal may only specify known properties, and 'author' does not exist in type 'newsInclude<DefaultArgs>'.
app/api/news/route.ts(320,9): error TS2353: Object literal may only specify known properties, and 'author' does not exist in type 'newsInclude<DefaultArgs>'.
app/api/news/save/route.ts(58,9): error TS2322: Type '{ userId: string; newsId: any; }' is not assignable to type '(Without<saved_newsCreateInput, saved_newsUncheckedCreateInput> & saved_newsUncheckedCreateInput) | (Without<...> & saved_newsCreateInput)'.
  Type '{ userId: string; newsId: any; }' is not assignable to type 'Without<saved_newsCreateInput, saved_newsUncheckedCreateInput> & saved_newsUncheckedCreateInput'.
    Property 'id' is missing in type '{ userId: string; newsId: any; }' but required in type 'saved_newsUncheckedCreateInput'.
app/api/notifications/route.ts(33,11): error TS2353: Object literal may only specify known properties, and 'sender' does not exist in type 'notificationsInclude<DefaultArgs>'.
app/api/notifications/route.ts(211,9): error TS2353: Object literal may only specify known properties, and 'sender' does not exist in type 'notificationsInclude<DefaultArgs>'.
app/api/programs/[id]/enroll/route.ts(43,7): error TS2322: Type '{ programId: string; userId: string; }' is not assignable to type '(Without<program_enrollmentsCreateInput, program_enrollmentsUncheckedCreateInput> & program_enrollmentsUncheckedCreateInput) | (Without<...> & program_enrollmentsCreateInput)'.
  Type '{ programId: string; userId: string; }' is not assignable to type 'Without<program_enrollmentsCreateInput, program_enrollmentsUncheckedCreateInput> & program_enrollmentsUncheckedCreateInput'.
    Property 'id' is missing in type '{ programId: string; userId: string; }' but required in type 'program_enrollmentsUncheckedCreateInput'.
app/api/programs/[id]/route.ts(29,9): error TS2353: Object literal may only specify known properties, and 'instructor' does not exist in type 'programsInclude<DefaultArgs>'.
app/api/programs/[id]/route.ts(56,41): error TS2339: Property 'materials' does not exist on type '{ id: string; createdAt: Date; updatedAt: Date; title: string; description: string | null; instructorId: string; category: programs_category; thumbnailUrl: string | null; ... 5 more ...; totalKajian: number; }'.
app/api/programs/[id]/route.ts(56,58): error TS7006: Parameter 'm' implicitly has an 'any' type.
app/api/programs/[id]/route.ts(59,50): error TS7006: Parameter 'm' implicitly has an 'any' type.
app/api/programs/[id]/route.ts(66,32): error TS2339: Property 'enrollments' does not exist on type '{ id: string; createdAt: Date; updatedAt: Date; title: string; description: string | null; instructorId: string; category: programs_category; thumbnailUrl: string | null; ... 5 more ...; totalKajian: number; }'.
app/api/programs/[id]/route.ts(66,50): error TS7006: Parameter 'e' implicitly has an 'any' type.
app/api/programs/[id]/route.ts(124,57): error TS7006: Parameter 'm' implicitly has an 'any' type.
app/api/programs/[id]/route.ts(124,60): error TS7006: Parameter 'idx' implicitly has an 'any' type.
app/api/programs/[id]/route.ts(130,44): error TS2551: Property 'instructor' does not exist on type '{ id: string; createdAt: Date; updatedAt: Date; title: string; description: string | null; instructorId: string; category: programs_category; thumbnailUrl: string | null; ... 5 more ...; totalKajian: number; }'. Did you mean 'instructorId'?
app/api/programs/[id]/route.ts(148,21): error TS2551: Property 'instructor' does not exist on type '{ id: string; createdAt: Date; updatedAt: Date; title: string; description: string | null; instructorId: string; category: programs_category; thumbnailUrl: string | null; ... 5 more ...; totalKajian: number; }'. Did you mean 'instructorId'?
app/api/programs/[id]/route.ts(149,23): error TS2551: Property 'instructor' does not exist on type '{ id: string; createdAt: Date; updatedAt: Date; title: string; description: string | null; instructorId: string; category: programs_category; thumbnailUrl: string | null; ... 5 more ...; totalKajian: number; }'. Did you mean 'instructorId'?
app/api/programs/[id]/route.ts(150,25): error TS2551: Property 'instructor' does not exist on type '{ id: string; createdAt: Date; updatedAt: Date; title: string; description: string | null; instructorId: string; category: programs_category; thumbnailUrl: string | null; ... 5 more ...; totalKajian: number; }'. Did you mean 'instructorId'?
app/api/programs/[id]/route.ts(151,24): error TS2551: Property 'instructor' does not exist on type '{ id: string; createdAt: Date; updatedAt: Date; title: string; description: string | null; instructorId: string; category: programs_category; thumbnailUrl: string | null; ... 5 more ...; totalKajian: number; }'. Did you mean 'instructorId'?
app/api/programs/[id]/route.ts(157,32): error TS2339: Property 'enrollments' does not exist on type '{ id: string; createdAt: Date; updatedAt: Date; title: string; description: string | null; instructorId: string; category: programs_category; thumbnailUrl: string | null; ... 5 more ...; totalKajian: number; }'.
app/api/programs/enrolled/route.ts(19,9): error TS2561: Object literal may only specify known properties, but 'program' does not exist in type 'program_enrollmentsInclude<DefaultArgs>'. Did you mean to write 'programs'?
app/api/programs/enrolled/route.ts(34,20): error TS2551: Property 'program' does not exist on type '{ id: string; userId: string; enrolledAt: Date; programId: string; }'. Did you mean 'programId'?
app/api/programs/route.ts(26,9): error TS2353: Object literal may only specify known properties, and 'instructor' does not exist in type 'programsInclude<DefaultArgs>'.
app/api/programs/route.ts(62,28): error TS2339: Property 'enrollments' does not exist on type '{ id: string; createdAt: Date; updatedAt: Date; title: string; description: string | null; instructorId: string; category: programs_category; thumbnailUrl: string | null; ... 5 more ...; totalKajian: number; }'.
app/api/programs/route.ts(62,46): error TS7006: Parameter 'e' implicitly has an 'any' type.
app/api/programs/route.ts(64,35): error TS2339: Property 'materials' does not exist on type '{ id: string; createdAt: Date; updatedAt: Date; title: string; description: string | null; instructorId: string; category: programs_category; thumbnailUrl: string | null; ... 5 more ...; totalKajian: number; }'.
app/api/programs/route.ts(64,52): error TS7006: Parameter 'm' implicitly has an 'any' type.
app/api/programs/route.ts(72,86): error TS7006: Parameter 'm' implicitly has an 'any' type.
app/api/programs/route.ts(75,80): error TS7006: Parameter 'm' implicitly has an 'any' type.
app/api/programs/route.ts(86,23): error TS2551: Property 'instructor' does not exist on type '{ id: string; createdAt: Date; updatedAt: Date; title: string; description: string | null; instructorId: string; category: programs_category; thumbnailUrl: string | null; ... 5 more ...; totalKajian: number; }'. Did you mean 'instructorId'?
app/api/programs/route.ts(87,29): error TS2551: Property 'instructor' does not exist on type '{ id: string; createdAt: Date; updatedAt: Date; title: string; description: string | null; instructorId: string; category: programs_category; thumbnailUrl: string | null; ... 5 more ...; totalKajian: number; }'. Did you mean 'instructorId'?
app/api/programs/route.ts(93,28): error TS2339: Property 'enrollments' does not exist on type '{ id: string; createdAt: Date; updatedAt: Date; title: string; description: string | null; instructorId: string; category: programs_category; thumbnailUrl: string | null; ... 5 more ...; totalKajian: number; }'.
app/api/programs/route.ts(173,7): error TS2322: Type '{ title: any; description: any; grade: any; category: any; thumbnailUrl: any; instructorId: string; duration: any; syllabus: any[]; requirements: any[]; benefits: any[]; totalKajian: number; }' is not assignable to type '(Without<programsCreateInput, programsUncheckedCreateInput> & programsUncheckedCreateInput) | (Without<...> & programsCreateInput)'.
  Type '{ title: any; description: any; grade: any; category: any; thumbnailUrl: any; instructorId: string; duration: any; syllabus: any[]; requirements: any[]; benefits: any[]; totalKajian: number; }' is not assignable to type 'Without<programsCreateInput, programsUncheckedCreateInput> & programsUncheckedCreateInput'.
    Type '{ title: any; description: any; grade: any; category: any; thumbnailUrl: any; instructorId: string; duration: any; syllabus: any[]; requirements: any[]; benefits: any[]; totalKajian: number; }' is missing the following properties from type 'programsUncheckedCreateInput': id, updatedAt
app/api/quiz/[quizId]/route.ts(22,9): error TS2353: Object literal may only specify known properties, and 'creator' does not exist in type 'material_quizzesInclude<DefaultArgs>'.
app/api/quiz/[quizId]/route.ts(53,28): error TS2339: Property 'questions' does not exist on type '{ id: string; createdAt: Date; updatedAt: Date; title: string; description: string | null; materialId: string | null; creatorId: string | null; }'.
app/api/quiz/[quizId]/route.ts(53,43): error TS7006: Parameter 'q' implicitly has an 'any' type.
app/api/quiz/[quizId]/route.ts(57,31): error TS7006: Parameter 'o' implicitly has an 'any' type.
app/api/quiz/[quizId]/route.ts(60,34): error TS2339: Property 'attempts' does not exist on type '{ id: string; createdAt: Date; updatedAt: Date; title: string; description: string | null; materialId: string | null; creatorId: string | null; }'.
app/api/quiz/[quizId]/route.ts(69,27): error TS2551: Property 'material' does not exist on type '{ id: string; createdAt: Date; updatedAt: Date; title: string; description: string | null; materialId: string | null; creatorId: string | null; }'. Did you mean 'materialId'?
app/api/quiz/[quizId]/route.ts(70,31): error TS2551: Property 'material' does not exist on type '{ id: string; createdAt: Date; updatedAt: Date; title: string; description: string | null; materialId: string | null; creatorId: string | null; }'. Did you mean 'materialId'?
app/api/quiz/[quizId]/route.ts(71,25): error TS2551: Property 'creator' does not exist on type '{ id: string; createdAt: Date; updatedAt: Date; title: string; description: string | null; materialId: string | null; creatorId: string | null; }'. Did you mean 'creatorId'?
app/api/quiz/[quizId]/route.ts(74,27): error TS2339: Property 'questions' does not exist on type '{ id: string; createdAt: Date; updatedAt: Date; title: string; description: string | null; materialId: string | null; creatorId: string | null; }'.
app/api/quiz/[quizId]/route.ts(76,22): error TS2339: Property 'attempts' does not exist on type '{ id: string; createdAt: Date; updatedAt: Date; title: string; description: string | null; materialId: string | null; creatorId: string | null; }'.
app/api/quiz/[quizId]/route.ts(126,9): error TS2353: Object literal may only specify known properties, and 'questions' does not exist in type '(Without<material_quizzesUpdateInput, material_quizzesUncheckedUpdateInput> & material_quizzesUncheckedUpdateInput) | (Without<...> & material_quizzesUpdateInput)'.
app/api/quiz/[quizId]/route.ts(140,9): error TS2353: Object literal may only specify known properties, and 'questions' does not exist in type 'material_quizzesInclude<DefaultArgs>'.
app/api/quiz/[quizId]/submit/route.ts(22,9): error TS2353: Object literal may only specify known properties, and 'questions' does not exist in type 'material_quizzesInclude<DefaultArgs>'.
app/api/quiz/[quizId]/submit/route.ts(44,34): error TS2339: Property 'questions' does not exist on type '{ id: string; createdAt: Date; updatedAt: Date; title: string; description: string | null; materialId: string | null; creatorId: string | null; }'.
app/api/quiz/[quizId]/submit/route.ts(80,29): error TS2339: Property 'questions' does not exist on type '{ id: string; createdAt: Date; updatedAt: Date; title: string; description: string | null; materialId: string | null; creatorId: string | null; }'.
app/api/quiz/[quizId]/submit/route.ts(92,33): error TS2339: Property 'questions' does not exist on type '{ id: string; createdAt: Date; updatedAt: Date; title: string; description: string | null; materialId: string | null; creatorId: string | null; }'.
app/api/quiz/[quizId]/submit/route.ts(93,52): error TS7006: Parameter 'o' implicitly has an 'any' type.
app/api/quiz/[quizId]/submit/route.ts(96,10): error TS7006: Parameter 'o' implicitly has an 'any' type.
app/api/quiz/[quizId]/submit/route.ts(110,40): error TS7006: Parameter 'o' implicitly has an 'any' type.
app/api/quiz/[quizId]/submit/route.ts(120,7): error TS2322: Type '{ quizId: string; userId: string; score: number; totalScore: any; answers: { questionId: string; question: string; selectedOptionId: string | null; selectedOptionText: string | null; correctOptionId: string; correctOptionText: string; isCorrect: boolean; options: { id: string; text: string; isCorrect: boolean; }[]; ...' is not assignable to type '(Without<quiz_attemptsCreateInput, quiz_attemptsUncheckedCreateInput> & quiz_attemptsUncheckedCreateInput) | (Without<...> & quiz_attemptsCreateInput)'.
  Type '{ quizId: string; userId: string; score: number; totalScore: any; answers: { questionId: string; question: string; selectedOptionId: string | null; selectedOptionText: string | null; correctOptionId: string; correctOptionText: string; isCorrect: boolean; options: { id: string; text: string; isCorrect: boolean; }[]; ...' is not assignable to type 'Without<quiz_attemptsCreateInput, quiz_attemptsUncheckedCreateInput> & quiz_attemptsUncheckedCreateInput'.
    Property 'id' is missing in type '{ quizId: string; userId: string; score: number; totalScore: any; answers: { questionId: string; question: string; selectedOptionId: string | null; selectedOptionText: string | null; correctOptionId: string; correctOptionText: string; isCorrect: boolean; options: { id: string; text: string; isCorrect: boolean; }[]; ...' but required in type 'quiz_attemptsUncheckedCreateInput'.
app/api/quiz/[quizId]/submit/route.ts(156,32): error TS2339: Property 'questions' does not exist on type '{ id: string; createdAt: Date; updatedAt: Date; title: string; description: string | null; materialId: string | null; creatorId: string | null; }'.
app/api/quiz/manage/route.ts(35,9): error TS2353: Object literal may only specify known properties, and 'creator' does not exist in type 'material_quizzesInclude<DefaultArgs>'.
app/api/quiz/manage/route.ts(47,24): error TS2551: Property 'material' does not exist on type '{ id: string; createdAt: Date; updatedAt: Date; title: string; description: string | null; materialId: string | null; creatorId: string | null; }'. Did you mean 'materialId'?
app/api/quiz/manage/route.ts(48,22): error TS2551: Property 'creator' does not exist on type '{ id: string; createdAt: Date; updatedAt: Date; title: string; description: string | null; materialId: string | null; creatorId: string | null; }'. Did you mean 'creatorId'?
app/api/quiz/manage/route.ts(49,24): error TS2339: Property 'questions' does not exist on type '{ id: string; createdAt: Date; updatedAt: Date; title: string; description: string | null; materialId: string | null; creatorId: string | null; }'.
app/api/quiz/manage/route.ts(50,23): error TS2339: Property 'attempts' does not exist on type '{ id: string; createdAt: Date; updatedAt: Date; title: string; description: string | null; materialId: string | null; creatorId: string | null; }'.
app/api/schedules/[id]/route.ts(17,9): error TS2353: Object literal may only specify known properties, and 'instructor' does not exist in type 'schedulesInclude<DefaultArgs>'.
app/api/schedules/[id]/route.ts(116,9): error TS2353: Object literal may only specify known properties, and 'instructor' does not exist in type 'schedulesInclude<DefaultArgs>'.
app/api/schedules/route.ts(20,9): error TS2353: Object literal may only specify known properties, and 'instructor' does not exist in type 'schedulesInclude<DefaultArgs>'.
app/api/schedules/route.ts(136,7): error TS2322: Type '{ title: any; description: any; fullDescription: any; date: Date; time: any; location: any; pemateri: any; thumbnailUrl: any; contactNumber: any; contactEmail: any; instructorId: string; status: any; }' is not assignable to type '(Without<schedulesCreateInput, schedulesUncheckedCreateInput> & schedulesUncheckedCreateInput) | (Without<...> & schedulesCreateInput)'.
  Type '{ title: any; description: any; fullDescription: any; date: Date; time: any; location: any; pemateri: any; thumbnailUrl: any; contactNumber: any; contactEmail: any; instructorId: string; status: any; }' is not assignable to type 'Without<schedulesCreateInput, schedulesUncheckedCreateInput> & schedulesUncheckedCreateInput'.
    Type '{ title: any; description: any; fullDescription: any; date: Date; time: any; location: any; pemateri: any; thumbnailUrl: any; contactNumber: any; contactEmail: any; instructorId: string; status: any; }' is missing the following properties from type 'schedulesUncheckedCreateInput': id, updatedAt
app/api/schedules/route.ts(151,9): error TS2353: Object literal may only specify known properties, and 'instructor' does not exist in type 'schedulesInclude<DefaultArgs>'.
app/api/test/create-invite/route.ts(57,7): error TS2322: Type '{ materialId: any; instructorId: any; userId: any; token: string; status: "pending"; }' is not assignable to type '(Without<materialinviteCreateInput, materialinviteUncheckedCreateInput> & materialinviteUncheckedCreateInput) | (Without<...> & materialinviteCreateInput)'.
  Type '{ materialId: any; instructorId: any; userId: any; token: string; status: "pending"; }' is not assignable to type 'Without<materialinviteUncheckedCreateInput, materialinviteCreateInput> & materialinviteCreateInput'.
    Type '{ materialId: any; instructorId: any; userId: any; token: string; status: "pending"; }' is missing the following properties from type 'materialinviteCreateInput': id, updatedAt, users_materialinvite_instructorIdTousers, material, users_materialinvite_userIdTousers
app/api/test/create-invite/route.ts(80,28): error TS2551: Property 'material' does not exist on type '{ id: string; userId: string; createdAt: Date; updatedAt: Date; instructorId: string; materialId: string; status: materialinvite_status; token: string; reason: string | null; }'. Did you mean 'materialId'?
app/level/page.tsx(228,18): error TS2561: Object literal may only specify known properties, but 'badge' does not exist in type 'user_badgesInclude<DefaultArgs>'. Did you mean to write 'badges'?
app/level/page.tsx(281,59): error TS2551: Property 'badge' does not exist on type '{ id: string; userId: string; badgeId: string; earnedAt: Date; }'. Did you mean 'badgeId'?
app/level/page.tsx(699,35): error TS2551: Property 'badge' does not exist on type '{ id: string; userId: string; badgeId: string; earnedAt: Date; }'. Did you mean 'badgeId'?
app/level/page.tsx(702,56): error TS2551: Property 'badge' does not exist on type '{ id: string; userId: string; badgeId: string; earnedAt: Date; }'. Did you mean 'badgeId'?
app/level/page.tsx(704,31): error TS2551: Property 'badge' does not exist on type '{ id: string; userId: string; badgeId: string; earnedAt: Date; }'. Did you mean 'badgeId'?
lib/activity.ts(25,7): error TS2322: Type '{ userId: string; type: $Enums.activity_logs_type; title: string; description: string | undefined; metadata: Record<string, any> | undefined; xpEarned: number; }' is not assignable to type '(Without<activity_logsCreateInput, activity_logsUncheckedCreateInput> & activity_logsUncheckedCreateInput) | (Without<...> & activity_logsCreateInput)'.
  Type '{ userId: string; type: $Enums.activity_logs_type; title: string; description: string | undefined; metadata: Record<string, any> | undefined; xpEarned: number; }' is not assignable to type 'Without<activity_logsCreateInput, activity_logsUncheckedCreateInput> & activity_logsUncheckedCreateInput'.
    Property 'id' is missing in type '{ userId: string; type: $Enums.activity_logs_type; title: string; description: string | undefined; metadata: Record<string, any> | undefined; xpEarned: number; }' but required in type 'activity_logsUncheckedCreateInput'.
lib/gamification.ts(8,14): error TS2740: Type '{ quiz_completed: number; material_read: number; course_enrolled: number; program_enrolled: number; attendance_marked: number; badge_earned: number; level_up: number; friend_added: number; forum_post: number; streak_maintained: number; profile_completed: number; }' is missing the following properties from type 'Record<activity_logs_type, number>': admin_user_managed, admin_program_managed, admin_material_managed, admin_news_managed, and 3 more.
lib/gamification.ts(147,5): error TS2322: Type '{ userId: string; type: $Enums.activity_logs_type; title: string; description: string | undefined; xpEarned: number; metadata: Record<string, any> | undefined; }' is not assignable to type '(Without<activity_logsCreateInput, activity_logsUncheckedCreateInput> & activity_logsUncheckedCreateInput) | (Without<...> & activity_logsCreateInput)'.
  Type '{ userId: string; type: $Enums.activity_logs_type; title: string; description: string | undefined; xpEarned: number; metadata: Record<string, any> | undefined; }' is not assignable to type 'Without<activity_logsCreateInput, activity_logsUncheckedCreateInput> & activity_logsUncheckedCreateInput'.
    Property 'id' is missing in type '{ userId: string; type: $Enums.activity_logs_type; title: string; description: string | undefined; xpEarned: number; metadata: Record<string, any> | undefined; }' but required in type 'activity_logsUncheckedCreateInput'.
lib/gamification.ts(160,7): error TS2322: Type '{ userId: string; type: "level_up"; title: string; description: string; xpEarned: number; metadata: { fromLevel: number; toLevel: number; }; }' is not assignable to type '(Without<activity_logsCreateInput, activity_logsUncheckedCreateInput> & activity_logsUncheckedCreateInput) | (Without<...> & activity_logsCreateInput)'.
  Type '{ userId: string; type: "level_up"; title: string; description: string; xpEarned: number; metadata: { fromLevel: number; toLevel: number; }; }' is not assignable to type 'Without<activity_logsCreateInput, activity_logsUncheckedCreateInput> & activity_logsUncheckedCreateInput'.
    Property 'id' is missing in type '{ userId: string; type: "level_up"; title: string; description: string; xpEarned: number; metadata: { fromLevel: number; toLevel: number; }; }' but required in type 'activity_logsUncheckedCreateInput'.
lib/gamification.ts(196,7): error TS2353: Object literal may only specify known properties, and 'earnedBadges' does not exist in type 'usersSelect<DefaultArgs>'.
lib/gamification.ts(205,35): error TS2339: Property 'earnedBadges' does not exist on type '{ name: string | null; id: string; email: string; password: string | null; createdAt: Date; updatedAt: Date; address: string | null; bio: string | null; jabatan: string | null; ... 11 more ...; streak: number; }'.
lib/gamification.ts(205,53): error TS7006: Parameter 'ub' implicitly has an 'any' type.
lib/gamification.ts(290,9): error TS2322: Type '{ userId: string; badgeId: string; }' is not assignable to type '(Without<user_badgesCreateInput, user_badgesUncheckedCreateInput> & user_badgesUncheckedCreateInput) | (Without<...> & user_badgesCreateInput)'.
  Type '{ userId: string; badgeId: string; }' is not assignable to type 'Without<user_badgesCreateInput, user_badgesUncheckedCreateInput> & user_badgesUncheckedCreateInput'.
    Property 'id' is missing in type '{ userId: string; badgeId: string; }' but required in type 'user_badgesUncheckedCreateInput'.
lib/gamification.ts(301,9): error TS2322: Type '{ userId: string; type: "badge_earned"; title: string; description: string; xpEarned: number; metadata: { badgeCode: string; badgeName: string; }; }' is not assignable to type '(Without<activity_logsCreateInput, activity_logsUncheckedCreateInput> & activity_logsUncheckedCreateInput) | (Without<...> & activity_logsCreateInput)'.
  Type '{ userId: string; type: "badge_earned"; title: string; description: string; xpEarned: number; metadata: { badgeCode: string; badgeName: string; }; }' is not assignable to type 'Without<activity_logsCreateInput, activity_logsUncheckedCreateInput> & activity_logsUncheckedCreateInput'.
    Property 'id' is missing in type '{ userId: string; type: "badge_earned"; title: string; description: string; xpEarned: number; metadata: { badgeCode: string; badgeName: string; }; }' but required in type 'activity_logsUncheckedCreateInput'.
lib/notifications.ts(32,5): error TS2322: Type '{ userId: string; type: $Enums.notifications_type; title: string; message: string; icon: string | undefined; resourceType: string | undefined; resourceId: string | undefined; actionUrl: string | undefined; inviteToken: string | undefined; senderId: string | undefined; }' is not assignable to type '(Without<notificationsCreateInput, notificationsUncheckedCreateInput> & notificationsUncheckedCreateInput) | (Without<...> & notificationsCreateInput)'.
  Type '{ userId: string; type: $Enums.notifications_type; title: string; message: string; icon: string | undefined; resourceType: string | undefined; resourceId: string | undefined; actionUrl: string | undefined; inviteToken: string | undefined; senderId: string | undefined; }' is not assignable to type 'Without<notificationsCreateInput, notificationsUncheckedCreateInput> & notificationsUncheckedCreateInput'.
    Type '{ userId: string; type: notifications_type; title: string; message: string; icon: string | undefined; resourceType: string | undefined; resourceId: string | undefined; actionUrl: string | undefined; inviteToken: string | undefined; senderId: string | undefined; }' is missing the following properties from type 'notificationsUncheckedCreateInput': id, updatedAt
lib/notifications.ts(45,7): error TS2353: Object literal may only specify known properties, and 'sender' does not exist in type 'notificationsInclude<DefaultArgs>'.
scripts/trace_kwh2.ts(37,18): error TS2353: Object literal may only specify known properties, and 'user' does not exist in type 'notificationsInclude<DefaultArgs>'.
scripts/trace_kwh2.ts(43,17): error TS2339: Property 'user' does not exist on type '{ id: string; userId: string; type: notifications_type; createdAt: Date; updatedAt: Date; title: string; senderId: string | null; status: notifications_status; ... 5 more ...; inviteToken: string | null; }'.
